
> vibe-visualizer@0.0.0 build
> vite build

[36mvite v7.3.1 [32mbuilding client environment for production...[36m[39m
transforming...
[32mÔ£ô[39m 2326 modules transformed.
node.exe : [33m[plugin vite:reporter] 
At C:\Program Files\nodejs\npm.ps1:16 char:5
+     & "$basedir/node$exe"  
"$basedir/node_modules/npm/bin/npm-cli.js" ...
+     ~~~~~~~~~~~~~~~~~~~~~~~~~~~~~~~~~~~~~~~~~
~~~~~~~~~~~~~~~~~~~~~~~~
    + CategoryInfo          : NotSpecified: ( 
   [33m[plugin vite:reporter] :String) [], Re  
  moteException
    + FullyQualifiedErrorId : NativeCommandErr 
   or
 
(!) C:/Users/kuron/.gemini/antigravity/WorkSpac
e/vibe-visualizer/src/audioEngine.js is 
dynamically imported by C:/Users/kuron/.gemini/
antigravity/WorkSpace/vibe-visualizer/src/AppLe
ft.jsx but also statically imported by C:/Users
/kuron/.gemini/antigravity/WorkSpace/vibe-visua
lizer/src/AppBottom.jsx, C:/Users/kuron/.gemini
/antigravity/WorkSpace/vibe-visualizer/src/AppL
eft.jsx, C:/Users/kuron/.gemini/antigravity/Wor
kSpace/vibe-visualizer/src/Visualizer.jsx, C:/U
sers/kuron/.gemini/antigravity/WorkSpace/vibe-v
isualizer/src/exporter.js, dynamic import will 
not move module into another chunk.
[39m
rendering chunks...
computing gzip size...
[2mdist/[22m[32mindex.html                 [39m[1m[2m    0.51 kB[22m[1m[22m[2m Ôöé gzip:   0.33 kB[22m
[2mdist/[22m[32massets/worker-BAOIWoxA.js  [39m[1m[2m    2.53 kB[22m[1m[22m
[2mdist/[22m[35massets/index-CCsRNXgq.css  [39m[1m[2m    2.60 kB[22m[1m[22m[2m Ôöé gzip:   1.05 kB[22m
[2mdist/[22m[36massets/index-BfjszAAW.js   [39m[1m[33m1,381.48 kB[39m[22m[2m Ôöé gzip: 394.31 kB[22m
[33m
(!) Some chunks are larger than 500 kB after 
minification. Consider:
- Using dynamic import() to code-split the 
application
- Use build.rollupOptions.output.manualChunks 
to improve chunking: https://rollupjs.org/confi
guration-options/#output-manualchunks
- Adjust chunk size limit for this warning via 
build.chunkSizeWarningLimit.[39m
[32mÔ£ô built in 7.94s[39m
